<html>
<body>
<pre>
<h1>µVision Build Log</h1>
<h2>Tool Versions:</h2>
IDE-Version: ¦ÌVision V5.14.0.0
Copyright (C) 2015 ARM Ltd and ARM Germany GmbH. All rights reserved.
License Information: wu wusiye, wu, LIC=PE7DL-0LEZ0-QD0KD-8RWA8-TH5E8-XS8FH
 
Tool Versions:
Toolchain:       MDK-ARM Standard  Version: 5.14.0.0
Toolchain Path:  D:\Learning\MDK5\ARM\ARMCC\Bin
C Compiler:      Armcc.exe V5.05 update 1 (build 106)
Assembler:       Armasm.exe V5.05 update 1 (build 106)
Linker/Locator:  ArmLink.exe V5.05 update 1 (build 106)
Library Manager: ArmAr.exe V5.05 update 1 (build 106)
Hex Converter:   FromElf.exe V5.05 update 1 (build 106)
CPU DLL:         SARMCM3.DLL V5.14.0.0
Dialog DLL:      DCM.DLL V1.13.1.0
Target DLL:      STLink\ST-LINKIII-KEIL_SWO.dll V2.0.14.0_KEIL
Dialog DLL:      TCM.DLL V1.14.4.0
 
<h2>Project:</h2>
D:\Learning\EmbeddedSystem\Project\myTemplate\USER\FreeRTOS.uvprojx
Project File Date:  11/26/2022

<h2>Output:</h2>
Build target 'myTemplate'
compiling calendar_win.c...
..\GUI_APP\WIN\calendar_win.c(12): warning:  #177-D: variable "roller1" was declared but never referenced
  static lv_obj_t * roller1;
..\GUI_APP\WIN\calendar_win.c: 1 warning, 0 errors
linking...
Program Size: Code=149066 RO-data=370502 RW-data=1332 ZI-data=814892  
FromELF: creating hex file...
"..\OBJ\LED.axf" - 0 Error(s), 1 Warning(s).

<h2>Collection of Component include folders:</h2>
  D:\Learning\EmbeddedSystem\Project\myTemplate\USER\RTE
  D:\Learning\MDK5\ARM\PACK\Keil\STM32F4xx_DFP\1.0.8\Device\Include

<h2>Collection of Component Files used:</h2>
</pre>
</body>
</html>
